// Jest Snapshot v1, https://goo.gl/fbAQLP

exports[`withChangeReviewValues is rendered correctly 1`] = `<div />`;
