// Jest Snapshot v1, https://goo.gl/fbAQLP

exports[`withAddFilmByID is rendered correctly 1`] = `<div />`;
