// Jest Snapshot v1, https://goo.gl/fbAQLP

exports[`withChangeAuthValues is rendered correctly 1`] = `<div />`;
