// Jest Snapshot v1, https://goo.gl/fbAQLP

exports[`Should GenresList render correctly with activeGenre 1`] = `
<ul
  className="catalog__genres-list"
>
  <li
    className="catalog__genres-item "
    onClick={[Function]}
  >
    <a
      className="catalog__genres-link"
      href="#"
    >
      test1, test2, test3
    </a>
  </li>
</ul>
`;

exports[`Should GenresList render correctly without activeGenre 1`] = `
<ul
  className="catalog__genres-list"
>
  <li
    className="catalog__genres-item "
    onClick={[Function]}
  >
    <a
      className="catalog__genres-link"
      href="#"
    >
      test1, test2, test3
    </a>
  </li>
</ul>
`;
