// Jest Snapshot v1, https://goo.gl/fbAQLP

exports[`Should ActorsList render correctly 1`] = `
<ul
  style={
    Object {
      "listStyleType": "none",
      "margin": 0,
      "padding": 0,
    }
  }
>
  <li>
    test1, test2, test3
    ,
  </li>
</ul>
`;
