// Jest Snapshot v1, https://goo.gl/fbAQLP

exports[`Should SignIn render correctly with auth error 1`] = `
<div
  className="user-page"
>
  <header
    className="page-header user-page__head"
  >
    <div
      className="logo"
    >
      <a
        className="logo__link"
        href="/"
        onClick={[Function]}
      >
        <span
          className="logo__letter logo__letter--1"
        >
          W
        </span>
        <span
          className="logo__letter logo__letter--2"
        >
          T
        </span>
        <span
          className="logo__letter logo__letter--3"
        >
          W
        </span>
      </a>
    </div>
    <h1
      className="page-title user-page__title"
    >
      Sign in
    </h1>
  </header>
  <div
    className="sign-in user-page__content"
  >
    <form
      action="#"
      className="sign-in__form"
      onSubmit={[Function]}
    >
      <div
        className="sign-in__message"
      >
        <p>
          Authorization error. Access is restricted
        </p>
      </div>
      <div
        className="sign-in__fields"
      >
        <div
          className="sign-in__field false"
        >
          <input
            className="sign-in__input"
            id="user-email"
            name="user-email"
            onChange={[Function]}
            placeholder="Email address"
            required={true}
            type="email"
            value="test@test.r"
          />
          <label
            className="sign-in__label visually-hidden"
            htmlFor="user-email"
          >
            Email address
          </label>
        </div>
        <div
          className="sign-in__field"
        >
          <input
            className="sign-in__input"
            id="user-password"
            name="user-password"
            onChange={[Function]}
            placeholder="Password"
            required={true}
            type="password"
            value="test"
          />
          <label
            className="sign-in__label visually-hidden"
            htmlFor="user-password"
          >
            Password
          </label>
        </div>
      </div>
      <div
        className="sign-in__submit"
      >
        <button
          className="sign-in__btn"
          type="submit"
        >
          Sign in
        </button>
      </div>
    </form>
  </div>
  <Footer />
</div>
`;

exports[`Should SignIn render correctly with empty input 1`] = `
<div
  className="user-page"
>
  <header
    className="page-header user-page__head"
  >
    <div
      className="logo"
    >
      <a
        className="logo__link"
        href="/"
        onClick={[Function]}
      >
        <span
          className="logo__letter logo__letter--1"
        >
          W
        </span>
        <span
          className="logo__letter logo__letter--2"
        >
          T
        </span>
        <span
          className="logo__letter logo__letter--3"
        >
          W
        </span>
      </a>
    </div>
    <h1
      className="page-title user-page__title"
    >
      Sign in
    </h1>
  </header>
  <div
    className="sign-in user-page__content"
  >
    <form
      action="#"
      className="sign-in__form"
      onSubmit={[Function]}
    >
      <div
        className="sign-in__message"
      >
        <p>
          We canâ€™t recognize this email and password combination. Please try again.
        </p>
      </div>
      <div
        className="sign-in__fields"
      >
        <div
          className="sign-in__field false"
        >
          <input
            className="sign-in__input"
            id="user-email"
            name="user-email"
            onChange={[Function]}
            placeholder="Email address"
            required={true}
            type="email"
            value="test@test.ru"
          />
          <label
            className="sign-in__label visually-hidden"
            htmlFor="user-email"
          >
            Email address
          </label>
        </div>
        <div
          className="sign-in__field"
        >
          <input
            className="sign-in__input"
            id="user-password"
            name="user-password"
            onChange={[Function]}
            placeholder="Password"
            required={true}
            type="password"
            value=""
          />
          <label
            className="sign-in__label visually-hidden"
            htmlFor="user-password"
          >
            Password
          </label>
        </div>
      </div>
      <div
        className="sign-in__submit"
      >
        <button
          className="sign-in__btn"
          type="submit"
        >
          Sign in
        </button>
      </div>
    </form>
  </div>
  <Footer />
</div>
`;

exports[`Should SignIn render correctly with invalid email 1`] = `
<div
  className="user-page"
>
  <header
    className="page-header user-page__head"
  >
    <div
      className="logo"
    >
      <a
        className="logo__link"
        href="/"
        onClick={[Function]}
      >
        <span
          className="logo__letter logo__letter--1"
        >
          W
        </span>
        <span
          className="logo__letter logo__letter--2"
        >
          T
        </span>
        <span
          className="logo__letter logo__letter--3"
        >
          W
        </span>
      </a>
    </div>
    <h1
      className="page-title user-page__title"
    >
      Sign in
    </h1>
  </header>
  <div
    className="sign-in user-page__content"
  >
    <form
      action="#"
      className="sign-in__form"
      onSubmit={[Function]}
    >
      <div
        className="sign-in__message"
      >
        <p>
          Please enter a valid email address
        </p>
      </div>
      <div
        className="sign-in__fields"
      >
        <div
          className="sign-in__field sign-in__field--error"
        >
          <input
            className="sign-in__input"
            id="user-email"
            name="user-email"
            onChange={[Function]}
            placeholder="Email address"
            required={true}
            type="email"
            value="test"
          />
          <label
            className="sign-in__label visually-hidden"
            htmlFor="user-email"
          >
            Email address
          </label>
        </div>
        <div
          className="sign-in__field"
        >
          <input
            className="sign-in__input"
            id="user-password"
            name="user-password"
            onChange={[Function]}
            placeholder="Password"
            required={true}
            type="password"
            value="test"
          />
          <label
            className="sign-in__label visually-hidden"
            htmlFor="user-password"
          >
            Password
          </label>
        </div>
      </div>
      <div
        className="sign-in__submit"
      >
        <button
          className="sign-in__btn"
          type="submit"
        >
          Sign in
        </button>
      </div>
    </form>
  </div>
  <Footer />
</div>
`;

exports[`Should SignIn render correctly with valid email 1`] = `
<div
  className="user-page"
>
  <header
    className="page-header user-page__head"
  >
    <div
      className="logo"
    >
      <a
        className="logo__link"
        href="/"
        onClick={[Function]}
      >
        <span
          className="logo__letter logo__letter--1"
        >
          W
        </span>
        <span
          className="logo__letter logo__letter--2"
        >
          T
        </span>
        <span
          className="logo__letter logo__letter--3"
        >
          W
        </span>
      </a>
    </div>
    <h1
      className="page-title user-page__title"
    >
      Sign in
    </h1>
  </header>
  <div
    className="sign-in user-page__content"
  >
    <form
      action="#"
      className="sign-in__form"
      onSubmit={[Function]}
    >
      <div
        className="sign-in__fields"
      >
        <div
          className="sign-in__field false"
        >
          <input
            className="sign-in__input"
            id="user-email"
            name="user-email"
            onChange={[Function]}
            placeholder="Email address"
            required={true}
            type="email"
            value="test@test.ru"
          />
          <label
            className="sign-in__label visually-hidden"
            htmlFor="user-email"
          >
            Email address
          </label>
        </div>
        <div
          className="sign-in__field"
        >
          <input
            className="sign-in__input"
            id="user-password"
            name="user-password"
            onChange={[Function]}
            placeholder="Password"
            required={true}
            type="password"
            value="test"
          />
          <label
            className="sign-in__label visually-hidden"
            htmlFor="user-password"
          >
            Password
          </label>
        </div>
      </div>
      <div
        className="sign-in__submit"
      >
        <button
          className="sign-in__btn"
          type="submit"
        >
          Sign in
        </button>
      </div>
    </form>
  </div>
  <Footer />
</div>
`;
